$ next start
   ▲ Next.js 15.1.0
   - Local:        http://localhost:3000
   - Network:      http://192.168.0.2:3000

 ✓ Starting...
 ⚠ Invalid next.config.ts options detected:
 ⚠     Unrecognized key(s) in object: 'turbopack'
 ⚠ See more info here: https://nextjs.org/docs/messages/invalid-next-config
 ✓ Ready in 600ms
[2m2026-08-31T23:26:06.731Z[0m [33mWARN[0m [1m[Better Auth]:[0m [better-auth] Base URL could not be determined. Please set a valid base URL using the baseURL config option or the BETTER_AUTH_BASE_URL environment variable. Without this, callbacks and redirects may not work correctly.
[2m2026-08-31T23:26:06.732Z[0m [33mWARN[0m [1m[Better Auth]:[0m [better-auth] Warning: your BETTER_AUTH_SECRET should be at least 32 characters long for adequate security. Generate one with `npx @better-auth/cli secret` or `openssl rand -base64 32`.
[2m2026-08-31T23:26:06.732Z[0m [33mWARN[0m [1m[Better Auth]:[0m [better-auth] Warning: your BETTER_AUTH_SECRET appears low-entropy. Use a randomly generated secret for production.
[2m2026-08-31T23:26:06.733Z[0m [33mWARN[0m [1m[Better Auth]:[0m Social provider github is missing clientId or clientSecret
[2m2026-08-31T23:26:06.733Z[0m [33mWARN[0m [1m[Better Auth]:[0m Social provider google is missing clientId or clientSecret
STRIPE_SECRET_KEY is missing. Stripe functionality will be disabled.
{"timestamp":"2026-08-31T23:26:56.383Z","method":"GET","path":"/auth/sign-in","userAgent":"Mozilla/5.0 (X11; Linux x86_64) AppleWebKit/537.36 (KHTML, like Gecko) HeadlessChrome/145.0.7632.6 Safari/537.36"}
{"timestamp":"2026-08-31T23:26:56.717Z","method":"GET","path":"/","userAgent":"Mozilla/5.0 (X11; Linux x86_64) AppleWebKit/537.36 (KHTML, like Gecko) HeadlessChrome/145.0.7632.6 Safari/537.36"}
{"timestamp":"2026-08-31T23:26:56.724Z","method":"GET","path":"/auth/forgot-password","userAgent":"Mozilla/5.0 (X11; Linux x86_64) AppleWebKit/537.36 (KHTML, like Gecko) HeadlessChrome/145.0.7632.6 Safari/537.36"}
{"timestamp":"2026-08-31T23:26:56.730Z","method":"GET","path":"/auth/sign-up","userAgent":"Mozilla/5.0 (X11; Linux x86_64) AppleWebKit/537.36 (KHTML, like Gecko) HeadlessChrome/145.0.7632.6 Safari/537.36"}
{"timestamp":"2026-08-31T23:26:56.740Z","method":"GET","path":"/privacy","userAgent":"Mozilla/5.0 (X11; Linux x86_64) AppleWebKit/537.36 (KHTML, like Gecko) HeadlessChrome/145.0.7632.6 Safari/537.36"}
{"timestamp":"2026-08-31T23:26:56.750Z","method":"GET","path":"/auth/sign-in","userAgent":"Mozilla/5.0 (X11; Linux x86_64) AppleWebKit/537.36 (KHTML, like Gecko) HeadlessChrome/145.0.7632.6 Safari/537.36"}
{"timestamp":"2026-08-31T23:26:57.721Z","method":"POST","path":"/api/auth/sign-in/email","userAgent":"Mozilla/5.0 (X11; Linux x86_64) AppleWebKit/537.36 (KHTML, like Gecko) HeadlessChrome/145.0.7632.6 Safari/537.36"}
(node:131077) Warning: SECURITY WARNING: The SSL modes 'prefer', 'require', and 'verify-ca' are treated as aliases for 'verify-full'.
In the next major version (pg-connection-string v3.0.0 and pg v9.0.0), these modes will adopt standard libpq semantics, which have weaker security guarantees.

To prepare for this change:
- If you want the current behavior, explicitly use 'sslmode=verify-full'
- If you want libpq compatibility now, use 'uselibpqcompat=true&sslmode=require'

See https://www.postgresql.org/docs/current/libpq-ssl.html for libpq SSL mode definitions.
(Use `node --trace-warnings ...` to show where the warning was created)
[2m2026-08-31T23:26:59.250Z[0m [31mERROR[0m [1m[Better Auth]:[0m Credential account not found { email: 'test@example.com' }
{"timestamp":"2026-08-31T23:27:07.752Z","method":"GET","path":"/app/shop/product/1","userAgent":"Mozilla/5.0 (X11; Linux x86_64) AppleWebKit/537.36 (KHTML, like Gecko) HeadlessChrome/145.0.7632.6 Safari/537.36"}
{"timestamp":"2026-08-31T23:27:07.761Z","method":"GET","path":"/auth/sign-in","userAgent":"Mozilla/5.0 (X11; Linux x86_64) AppleWebKit/537.36 (KHTML, like Gecko) HeadlessChrome/145.0.7632.6 Safari/537.36"}
{"timestamp":"2026-08-31T23:27:07.918Z","method":"GET","path":"/","userAgent":"Mozilla/5.0 (X11; Linux x86_64) AppleWebKit/537.36 (KHTML, like Gecko) HeadlessChrome/145.0.7632.6 Safari/537.36"}
{"timestamp":"2026-08-31T23:27:07.925Z","method":"GET","path":"/auth/forgot-password","userAgent":"Mozilla/5.0 (X11; Linux x86_64) AppleWebKit/537.36 (KHTML, like Gecko) HeadlessChrome/145.0.7632.6 Safari/537.36"}
{"timestamp":"2026-08-31T23:27:07.931Z","method":"GET","path":"/auth/sign-up","userAgent":"Mozilla/5.0 (X11; Linux x86_64) AppleWebKit/537.36 (KHTML, like Gecko) HeadlessChrome/145.0.7632.6 Safari/537.36"}
{"timestamp":"2026-08-31T23:27:07.938Z","method":"GET","path":"/privacy","userAgent":"Mozilla/5.0 (X11; Linux x86_64) AppleWebKit/537.36 (KHTML, like Gecko) HeadlessChrome/145.0.7632.6 Safari/537.36"}
{"timestamp":"2026-08-31T23:27:07.948Z","method":"GET","path":"/auth/sign-in","userAgent":"Mozilla/5.0 (X11; Linux x86_64) AppleWebKit/537.36 (KHTML, like Gecko) HeadlessChrome/145.0.7632.6 Safari/537.36"}
{"timestamp":"2026-08-31T23:27:57.710Z","method":"GET","path":"/app/shop/product/1","userAgent":"Mozilla/5.0 (X11; Linux x86_64) AppleWebKit/537.36 (KHTML, like Gecko) HeadlessChrome/145.0.7632.6 Safari/537.36"}
{"timestamp":"2026-08-31T23:27:57.718Z","method":"GET","path":"/auth/sign-in","userAgent":"Mozilla/5.0 (X11; Linux x86_64) AppleWebKit/537.36 (KHTML, like Gecko) HeadlessChrome/145.0.7632.6 Safari/537.36"}
{"timestamp":"2026-08-31T23:27:58.019Z","method":"GET","path":"/","userAgent":"Mozilla/5.0 (X11; Linux x86_64) AppleWebKit/537.36 (KHTML, like Gecko) HeadlessChrome/145.0.7632.6 Safari/537.36"}
{"timestamp":"2026-08-31T23:27:58.024Z","method":"GET","path":"/auth/forgot-password","userAgent":"Mozilla/5.0 (X11; Linux x86_64) AppleWebKit/537.36 (KHTML, like Gecko) HeadlessChrome/145.0.7632.6 Safari/537.36"}
{"timestamp":"2026-08-31T23:27:58.030Z","method":"GET","path":"/auth/sign-up","userAgent":"Mozilla/5.0 (X11; Linux x86_64) AppleWebKit/537.36 (KHTML, like Gecko) HeadlessChrome/145.0.7632.6 Safari/537.36"}
{"timestamp":"2026-08-31T23:27:58.035Z","method":"GET","path":"/privacy","userAgent":"Mozilla/5.0 (X11; Linux x86_64) AppleWebKit/537.36 (KHTML, like Gecko) HeadlessChrome/145.0.7632.6 Safari/537.36"}
{"timestamp":"2026-08-31T23:27:58.055Z","method":"GET","path":"/auth/sign-in","userAgent":"Mozilla/5.0 (X11; Linux x86_64) AppleWebKit/537.36 (KHTML, like Gecko) HeadlessChrome/145.0.7632.6 Safari/537.36"}
{"timestamp":"2026-08-31T23:28:45.719Z","method":"GET","path":"/app/shop/product/1","userAgent":"Mozilla/5.0 (X11; Linux x86_64) AppleWebKit/537.36 (KHTML, like Gecko) HeadlessChrome/145.0.7632.6 Safari/537.36"}
{"timestamp":"2026-08-31T23:28:46.145Z","method":"GET","path":"/api/auth/get-session","userAgent":"Mozilla/5.0 (X11; Linux x86_64) AppleWebKit/537.36 (KHTML, like Gecko) HeadlessChrome/145.0.7632.6 Safari/537.36"}
{"timestamp":"2026-08-31T23:28:46.230Z","method":"GET","path":"/api/notifications","userAgent":"Mozilla/5.0 (X11; Linux x86_64) AppleWebKit/537.36 (KHTML, like Gecko) HeadlessChrome/145.0.7632.6 Safari/537.36"}
{"timestamp":"2026-08-31T23:28:46.243Z","method":"GET","path":"/api/notifications","userAgent":"Mozilla/5.0 (X11; Linux x86_64) AppleWebKit/537.36 (KHTML, like Gecko) HeadlessChrome/145.0.7632.6 Safari/537.36"}
{"timestamp":"2026-08-31T23:28:46.255Z","method":"GET","path":"/auth","userAgent":"Mozilla/5.0 (X11; Linux x86_64) AppleWebKit/537.36 (KHTML, like Gecko) HeadlessChrome/145.0.7632.6 Safari/537.36"}
{"timestamp":"2026-08-31T23:28:46.259Z","method":"GET","path":"/auth","userAgent":"Mozilla/5.0 (X11; Linux x86_64) AppleWebKit/537.36 (KHTML, like Gecko) HeadlessChrome/145.0.7632.6 Safari/537.36"}
{"timestamp":"2026-08-31T23:28:46.357Z","method":"GET","path":"/auth/sign-in","userAgent":"Mozilla/5.0 (X11; Linux x86_64) AppleWebKit/537.36 (KHTML, like Gecko) HeadlessChrome/145.0.7632.6 Safari/537.36"}
{"timestamp":"2026-08-31T23:28:46.363Z","method":"GET","path":"/auth/sign-in","userAgent":"Mozilla/5.0 (X11; Linux x86_64) AppleWebKit/537.36 (KHTML, like Gecko) HeadlessChrome/145.0.7632.6 Safari/537.36"}
{"timestamp":"2026-08-31T23:28:46.411Z","method":"GET","path":"/","userAgent":"Mozilla/5.0 (X11; Linux x86_64) AppleWebKit/537.36 (KHTML, like Gecko) HeadlessChrome/145.0.7632.6 Safari/537.36"}
{"timestamp":"2026-08-31T23:28:46.416Z","method":"GET","path":"/app","userAgent":"Mozilla/5.0 (X11; Linux x86_64) AppleWebKit/537.36 (KHTML, like Gecko) HeadlessChrome/145.0.7632.6 Safari/537.36"}
{"timestamp":"2026-08-31T23:28:46.419Z","method":"GET","path":"/app/profile","userAgent":"Mozilla/5.0 (X11; Linux x86_64) AppleWebKit/537.36 (KHTML, like Gecko) HeadlessChrome/145.0.7632.6 Safari/537.36"}
{"timestamp":"2026-08-31T23:28:46.436Z","method":"GET","path":"/app/marketplace","userAgent":"Mozilla/5.0 (X11; Linux x86_64) AppleWebKit/537.36 (KHTML, like Gecko) HeadlessChrome/145.0.7632.6 Safari/537.36"}
{"timestamp":"2026-08-31T23:28:46.446Z","method":"GET","path":"/app/loyalty","userAgent":"Mozilla/5.0 (X11; Linux x86_64) AppleWebKit/537.36 (KHTML, like Gecko) HeadlessChrome/145.0.7632.6 Safari/537.36"}
{"timestamp":"2026-08-31T23:28:46.639Z","method":"GET","path":"/app/salons","userAgent":"Mozilla/5.0 (X11; Linux x86_64) AppleWebKit/537.36 (KHTML, like Gecko) HeadlessChrome/145.0.7632.6 Safari/537.36"}
{"timestamp":"2026-08-31T23:28:46.663Z","method":"GET","path":"/app/videos-creations","userAgent":"Mozilla/5.0 (X11; Linux x86_64) AppleWebKit/537.36 (KHTML, like Gecko) HeadlessChrome/145.0.7632.6 Safari/537.36"}
{"timestamp":"2026-08-31T23:28:46.666Z","method":"GET","path":"/app/conversations","userAgent":"Mozilla/5.0 (X11; Linux x86_64) AppleWebKit/537.36 (KHTML, like Gecko) HeadlessChrome/145.0.7632.6 Safari/537.36"}
{"timestamp":"2026-08-31T23:28:46.700Z","method":"GET","path":"/app/notifications","userAgent":"Mozilla/5.0 (X11; Linux x86_64) AppleWebKit/537.36 (KHTML, like Gecko) HeadlessChrome/145.0.7632.6 Safari/537.36"}
{"timestamp":"2026-08-31T23:28:46.758Z","method":"GET","path":"/app/bookings","userAgent":"Mozilla/5.0 (X11; Linux x86_64) AppleWebKit/537.36 (KHTML, like Gecko) HeadlessChrome/145.0.7632.6 Safari/537.36"}
{"timestamp":"2026-08-31T23:28:46.790Z","method":"GET","path":"/app/settings","userAgent":"Mozilla/5.0 (X11; Linux x86_64) AppleWebKit/537.36 (KHTML, like Gecko) HeadlessChrome/145.0.7632.6 Safari/537.36"}
{"timestamp":"2026-08-31T23:28:46.797Z","method":"GET","path":"/app/cart","userAgent":"Mozilla/5.0 (X11; Linux x86_64) AppleWebKit/537.36 (KHTML, like Gecko) HeadlessChrome/145.0.7632.6 Safari/537.36"}
{"timestamp":"2026-08-31T23:28:46.831Z","method":"GET","path":"/privacy","userAgent":"Mozilla/5.0 (X11; Linux x86_64) AppleWebKit/537.36 (KHTML, like Gecko) HeadlessChrome/145.0.7632.6 Safari/537.36"}
{"timestamp":"2026-08-31T23:28:46.840Z","method":"GET","path":"/auth/forgot-password","userAgent":"Mozilla/5.0 (X11; Linux x86_64) AppleWebKit/537.36 (KHTML, like Gecko) HeadlessChrome/145.0.7632.6 Safari/537.36"}
{"timestamp":"2026-08-31T23:28:46.866Z","method":"GET","path":"/auth/sign-up","userAgent":"Mozilla/5.0 (X11; Linux x86_64) AppleWebKit/537.36 (KHTML, like Gecko) HeadlessChrome/145.0.7632.6 Safari/537.36"}
